UM19: (sokoban2)$ soko2 setup-test 18

Sokoban2 v0.13.

    #######
    # . . #
    #X X X#
    # . . #
    #X X X#
    # . .O#
    #######


     000-001-002-003-004
      |   |   |   |   |
     005-006-007-008-009
      |   |   |   |   |
     010-011-012-013-014
      |   |   |   |   |
     015-016-017-018-019
      |   |   |   |   |
     020-021-022-023-024


Corners:
 0 4 20 24
In betweens:
 5 10 15 9 14 19
Position spots:
 1 2 3 6 7 8 11 12 13 16 17 18 21 22 23


 0: ._000+ Z_005+ ._007+ Z_009+ X_011+ Z_013+ ._015+ Z_017+ ._019+ Z_021+ X_023+ Z_025+ ._027+ Z_029+ ._031+   >   N_033_0
 1: H_000+ Z_036+ ._038+ Z_040+ X_042+ Z_044+ ._046+ Z_048+ ._050+ Z_052+ X_054+ Z_056+ ._058+ Z_060+ ._062+   >   N_064_2
 2: H_000- X_036+ ._067+ Z_069+ X_071+ Z_073+ ._075+ Z_077+ ._079+ Z_081+ X_083+ Z_085+ ._087+ Z_089+ ._091+   >   N_093_3
 3: H_000- X_036- ._067- Z_069- X_071- Z_073- ._075- Z_077- H_079+ Z_096+ X_098+ Z_100+ ._102+ Z_104+ ._106+   >   N_108_6
 4: H_000- X_036- ._067- Z_069- X_071- Z_073- ._075- Z_077- H_079- Z_096- X_098- Z_100- ._102- Z_104- ._106-   >   L_108  --

 5: H_000- X_036- ._067- Z_069- X_071- Z_073- ._075- Z_077- H_079- Z_096- X_098- Z_100- ._102- Z_104- ._106-   >   L_108 N_111_3
 6: H_000- X_036- ._067- Z_069- X_071- Z_073- ._075- Z_077- H_079- Z_096- X_098- Z_100- ._102- Z_104- ._106-   >   L_108 L_111 N_114_0
 7: H_000- X_036- ._067- Z_069- X_071- Z_073- ._075- Z_077- H_079- Z_096- X_098- Z_100- ._102- Z_104- ._106-   >   L_108  --
 8: H_000- X_036- ._067- Z_069- X_071- Z_073- ._075- Z_077- H_079- Z_096- X_098- Z_100- ._102- Z_104- ._106-   >   L_108  --

 9: H_000- X_036- ._038+ Z_117+ X_119+ Z_121+ ._123+ Z_125+ H_127+ Z_129+ X_131+ Z_133+ ._135+ Z_137+ ._139+   >   N_141_0
10: H_000- X_036- ._038- Z_117- X_119- Z_121- ._123- Z_125- H_127- ._129+ X_144+ Z_146+ ._148+ Z_150+ ._152+   >   N_154_0
11: H_000- X_036- ._038- Z_117- H_119+ Z_157+ ._159+ Z_161+ H_163+ ._165+ X_167+ Z_169+ ._171+ Z_173+ ._175+   >   N_177_4
12: H_000- X_036- ._038- Z_117- H_119- Z_157- ._159- Z_161- H_163- ._165- X_167- Z_169- ._171- Z_173- ._175-   >   L_177  --

13: H_000- X_036- ._038- Z_117- H_119- Z_157- ._159- Z_161- H_163- ._165- H_167+ Z_180+ ._182+ Z_184+ ._186+   >   N_188_22
14: H_000- X_036- ._038- Z_117- H_119- Z_157- ._159- Z_161- H_163- ._165- H_167- ._180+ ._191+ Z_193+ ._195+   >   N_197_22
15: H_000- X_036- ._038- Z_117- H_119- ._157+ ._200+ Z_202+ H_204+ ._206+ H_208+ ._210+ ._212+ Z_214+ ._216+   >   N_218_22
16: H_000- X_036- ._038- Z_117- H_119- ._157- ._200- Z_202- H_204- ._206- H_208- ._210- ._212- Z_214- ._216-   >   L_218  --

17: H_000- X_036- ._038- Z_117- H_119- ._157- ._200- Z_202- H_204- ._206- H_208- ._210- ._212- Z_214- ._216-   >   L_218 N_221_12
18: H_000- X_036- ._038- Z_117- H_119- ._157- ._200- Z_202- H_204- ._206- H_208- ._210- ._212- Z_214- ._216-   >   L_218 L_221 N_224_4
19: H_000- X_036- ._038- Z_117- H_119- ._157- ._200- Z_202- H_204- ._206- H_208- ._210- ._212- Z_214- ._216-   >   L_218 L_221 L_224  --
20: H_000- X_036- ._038- Z_117- H_119- ._157- ._200- Z_202- H_204- ._206- H_208- ._210- ._212- Z_214- ._216-   >   L_218 L_221 L_224  --
21: H_000- X_036- ._038- Z_117- H_119- ._157- ._200- Z_202- H_204- ._206- H_208- ._210- ._212- Z_214- ._216-   >   L_218 L_221 L_224 N_227_0
22: H_000- X_036- ._038- Z_117- H_119- ._157- ._200- Z_202- H_204- ._206- H_208- ._210- ._212- Z_214- ._216-   >   L_218 L_221 L_224 L_227  --

23: H_000- X_036- H_038- Z_117- H_119- ._157- ._200- Z_202- H_204- ._206- H_208- ._210- ._212- Z_214- ._216-   >   L_218 L_221 L_224 L_227  --
24: H_000- X_036- H_038- Z_117- H_119- H_157- ._200- Z_202- H_204- ._206- H_208- ._210- ._212- Z_214- ._216-   >   L_218 L_221 L_224 L_227  --
25: H_000- X_036- H_038- Z_117- H_119- H_157- ._200- Z_202- H_204- ._206- H_208- H_210- ._212- Z_214- ._216-   >   L_218 L_221 L_224 L_227  --
26: H_000- X_036- H_038- Z_117- H_119- H_157- ._200- Z_202- H_204- ._206- H_208- H_210- ._212- Z_214- H_216-   >   L_218 L_221 L_224 L_227  --
27: H_000- X_036- H_038- Z_117- H_119- H_157- H_200- Z_202- H_204- ._206- H_208- H_210- ._212- Z_214- H_216-   >   L_218 L_221 L_224 L_227  --
28: H_000- X_036- H_038- Z_117- H_119- H_157- H_200- Z_202- H_204- H_206- H_208- H_210- ._212- Z_214- H_216-   >   L_218 L_221 L_224 L_227  --
29: H_000- X_036- H_038- Z_117- H_119- H_157- H_200- Z_202- H_204- H_206- H_208- H_210- H_212- Z_214- H_216-   >   L_218 L_221 L_224 L_227  --
30: H_000- X_036- H_038- Z_117- H_119- H_157- H_200- Z_202- H_204- H_206- H_208- H_210- H_212- Z_214- H_216-   >   L_218 L_221 L_224 L_227  --

31: H_000- H_036- H_067+ Z_230+ H_232+ H_234+ H_236+ Z_238+ H_240+ H_242+ H_244+ H_246+ H_248+ Z_250+ H_252+   >   N_254_0
32: H_000- H_036- H_067- Z_230- H_232- H_234- H_236- Z_238- H_240- H_242- H_244- H_246- H_248- Z_250- H_252-   >   L_254 N_257_10
33: H_000- H_036- H_067- Z_230- H_232- H_234- H_236- Z_238- H_240- H_242- H_244- H_246- H_248- Z_250- H_252-   >   L_254 L_257  --
34: H_000- H_036- H_067- Z_230- H_232- H_234- H_236- Z_238- H_240- H_242- H_244- H_246- H_248- Z_250- H_252-   >   L_254 L_257 N_260_20
35: H_000- H_036- H_067- Z_230- H_232- H_234- H_236- Z_238- H_240- H_242- H_244- H_246- H_248- Z_250- H_252-   >   L_254 L_257 L_260  --
36: H_000- H_036- H_067- Z_230- H_232- H_234- H_236- Z_238- H_240- H_242- H_244- H_246- H_248- Z_250- H_252-   >   L_254 L_257 L_260  --

37: H_000- H_036- H_067- Z_230- H_232- H_234- H_236- Z_238- H_240- H_242- H_244- H_246- H_248- Z_250- H_252-   >   L_254 L_257 L_260  !!

    #######
    # HHH #
    #H HHH#
    # H H #
    #HHHHH#
    #OH H #
    #######
UM19: (sokoban2)$